 Image forgepilot-phase1-cap-20260820t092008z-53877bba63ce-backend Building
 Image forgepilot-phase1-cap-20260820t092008z-53877bba63ce-frontend Building
#1 [internal] load local bake definitions
#1 reading from stdin 1.10kB done
#1 DONE 0.0s

#2 [frontend internal] load build definition from Dockerfile
#2 transferring dockerfile: 452B done
#2 DONE 0.1s

#3 [backend internal] load build definition from Dockerfile
#3 transferring dockerfile: 855B 0.0s done
#3 DONE 0.1s

#4 [backend internal] load metadata for docker.io/library/eclipse-temurin:21-jdk
#4 DONE 0.3s

#5 [backend internal] load metadata for docker.io/library/eclipse-temurin:21-jre
#5 ...

#6 [frontend internal] load metadata for docker.io/library/nginx:1.29-alpine
#6 DONE 1.0s

#5 [backend internal] load metadata for docker.io/library/eclipse-temurin:21-jre
#5 DONE 1.0s

#7 [frontend internal] load metadata for docker.io/library/node:24-bookworm-slim
#7 DONE 1.1s

#8 [frontend internal] load .dockerignore
#8 transferring context:
#8 transferring context: 2B 0.0s done
#8 DONE 0.3s

#9 [backend internal] load .dockerignore
#9 transferring context: 2B done
#9 DONE 0.3s

#10 [frontend internal] load build context
#10 DONE 0.0s

#11 [backend internal] load build context
#11 DONE 0.0s

#12 [backend stage-1 1/6] FROM docker.io/library/eclipse-temurin:21-jre@sha256:c8e00005c840f4e15a98dee36caf8b7be1e385350d63f4eb4a91e465bffa98a1
#12 resolve docker.io/library/eclipse-temurin:21-jre@sha256:c8e00005c840f4e15a98dee36caf8b7be1e385350d63f4eb4a91e465bffa98a1
#12 ...

#13 [frontend stage-1 1/3] FROM docker.io/library/nginx:1.29-alpine@sha256:5616878291a2eed594aee8db4dade5878cf7edcb475e59193904b198d9b830de
#13 resolve docker.io/library/nginx:1.29-alpine@sha256:5616878291a2eed594aee8db4dade5878cf7edcb475e59193904b198d9b830de 0.2s done
#13 DONE 0.2s

#14 [frontend build 1/6] FROM docker.io/library/node:24-bookworm-slim@sha256:3638d9a6fe4030bd716be989438248074489337ba3275657f93595428be4fc03
#14 resolve docker.io/library/node:24-bookworm-slim@sha256:3638d9a6fe4030bd716be989438248074489337ba3275657f93595428be4fc03 0.2s done
#14 DONE 0.3s

#15 [backend build 1/4] FROM docker.io/library/eclipse-temurin:21-jdk@sha256:98155457fcdbeb0987472e8abf721657b698ede407aad52ac24ae42618c0931c
#15 resolve docker.io/library/eclipse-temurin:21-jdk@sha256:98155457fcdbeb0987472e8abf721657b698ede407aad52ac24ae42618c0931c 0.3s done
#15 DONE 0.4s

#10 [frontend internal] load build context
#10 ...

#12 [backend stage-1 1/6] FROM docker.io/library/eclipse-temurin:21-jre@sha256:c8e00005c840f4e15a98dee36caf8b7be1e385350d63f4eb4a91e465bffa98a1
#12 resolve docker.io/library/eclipse-temurin:21-jre@sha256:c8e00005c840f4e15a98dee36caf8b7be1e385350d63f4eb4a91e465bffa98a1 0.3s done
#12 DONE 0.4s

#10 [frontend internal] load build context
#10 ...

#11 [backend internal] load build context
#11 transferring context: 7.61kB 0.0s done
#11 DONE 0.2s

#16 [backend stage-1 3/6] WORKDIR /app
#16 CACHED

#17 [backend stage-1 4/6] RUN useradd --system --uid 10001 forgepilot
#17 CACHED

#18 [backend build 3/4] COPY . .
#18 CACHED

#19 [backend build 4/4] RUN chmod +x mvnw && ./mvnw -B -ntp -DskipTests package
#19 CACHED

#20 [backend stage-1 5/6] COPY --from=build /workspace/target/forgepilot-backend.jar /app/forgepilot-backend.jar
#20 CACHED

#21 [backend build 2/4] WORKDIR /workspace
#21 CACHED

#22 [backend stage-1 2/6] RUN apt-get update     && apt-get install --no-install-recommends --yes curl     && rm -rf /var/lib/apt/lists/*
#22 CACHED

#10 [frontend internal] load build context
#10 ...

#23 [backend stage-1 6/6] RUN chown -R forgepilot:forgepilot /app
#23 CACHED

#10 [frontend internal] load build context
#10 transferring context: 386.31kB 0.9s done
#10 DONE 1.0s

#24 [backend] exporting to image
#24 exporting layers 0.1s done
#24 exporting manifest sha256:7205a37d62f33720eca26ab62a07b71d995a370281e9fe3dfb3863e0be5669e8 0.2s done
#24 exporting config sha256:259e9f8325a0c4844ab83aa46516b8b0334577eac38c4b8c65f8080f5a314863
#24 ...

#25 [frontend build 6/6] RUN npm run build
#25 CACHED

#26 [frontend build 2/6] WORKDIR /workspace
#26 CACHED

#27 [frontend build 4/6] RUN npm ci
#27 CACHED

#28 [frontend stage-1 2/3] COPY nginx.conf /etc/nginx/conf.d/default.conf
#28 CACHED

#29 [frontend build 3/6] COPY package.json package-lock.json ./
#29 CACHED

#30 [frontend build 5/6] COPY . .
#30 CACHED

#31 [frontend stage-1 3/3] COPY --from=build /workspace/dist /usr/share/nginx/html
#31 CACHED

#24 [backend] exporting to image
#24 exporting config sha256:259e9f8325a0c4844ab83aa46516b8b0334577eac38c4b8c65f8080f5a314863 0.1s done
#24 exporting attestation manifest sha256:efb23f1e4e820afa7a231eb930379eaf46e987599f82078e3fc1abe0cac00ba7 0.1s done
#24 exporting manifest list sha256:620510a66f52d17c5a878ebca115406a0a770dd25c5e508f3dae9cc1adb57b8b
#24 exporting manifest list sha256:620510a66f52d17c5a878ebca115406a0a770dd25c5e508f3dae9cc1adb57b8b 0.1s done
#24 naming to docker.io/library/forgepilot-phase1-cap-20260820t092008z-53877bba63ce-backend:latest 0.0s done
#24 unpacking to docker.io/library/forgepilot-phase1-cap-20260820t092008z-53877bba63ce-backend:latest
#24 unpacking to docker.io/library/forgepilot-phase1-cap-20260820t092008z-53877bba63ce-backend:latest 0.1s done
#24 DONE 0.9s

#32 [frontend] exporting to image
#32 exporting layers 0.0s done
#32 exporting manifest sha256:26a4a87aa0a089eb3ad994bc8c43242e954226d13388e68cbc813a0f8f7dc62e 0.0s done
#32 exporting config sha256:d05b90b2e6aa07351cb65586860b81bd447a6b0c3012fded39bedffb1ef636a4 0.0s done
#32 exporting attestation manifest sha256:d87389ee3528ef6b6e3075ee6301be41bbcdc830046e8d9bb492a9076bd404c9 0.1s done
#32 exporting manifest list sha256:873520498120f97322ebe848b564d8a4f4c8d16ada1171566d6c2f9f246b4371 0.1s done
#32 naming to docker.io/library/forgepilot-phase1-cap-20260820t092008z-53877bba63ce-frontend:latest 0.0s done
#32 unpacking to docker.io/library/forgepilot-phase1-cap-20260820t092008z-53877bba63ce-frontend:latest 0.0s done
#32 DONE 0.5s

#33 [frontend] resolving provenance for metadata file
#33 DONE 0.0s

#34 [backend] resolving provenance for metadata file
#34 DONE 0.0s
 Image forgepilot-phase1-cap-20260820t092008z-53877bba63ce-backend Built
 Image forgepilot-phase1-cap-20260820t092008z-53877bba63ce-frontend Built
