 Network forgepilot-phase1-cap-20260820t092008z-53877bba63ce_default Creating
 Network forgepilot-phase1-cap-20260820t092008z-53877bba63ce_default Created
 Volume forgepilot-phase1-cap-20260820t092008z-53877bba63ce_postgres-data Creating
 Volume forgepilot-phase1-cap-20260820t092008z-53877bba63ce_postgres-data Created
 Container forgepilot-phase1-cap-20260820t092008z-53877bba63ce-postgres-1 Creating
 Container forgepilot-phase1-cap-20260820t092008z-53877bba63ce-postgres-1 Created
 Container forgepilot-phase1-cap-20260820t092008z-53877bba63ce-backend-1 Creating
 Container forgepilot-phase1-cap-20260820t092008z-53877bba63ce-backend-1 Created
 Container forgepilot-phase1-cap-20260820t092008z-53877bba63ce-frontend-1 Creating
 Container forgepilot-phase1-cap-20260820t092008z-53877bba63ce-frontend-1 Created
 Container forgepilot-phase1-cap-20260820t092008z-53877bba63ce-postgres-1 Starting
 Container forgepilot-phase1-cap-20260820t092008z-53877bba63ce-postgres-1 Started
 Container forgepilot-phase1-cap-20260820t092008z-53877bba63ce-postgres-1 Waiting
 Container forgepilot-phase1-cap-20260820t092008z-53877bba63ce-postgres-1 Healthy
 Container forgepilot-phase1-cap-20260820t092008z-53877bba63ce-backend-1 Starting
 Container forgepilot-phase1-cap-20260820t092008z-53877bba63ce-backend-1 Started
 Container forgepilot-phase1-cap-20260820t092008z-53877bba63ce-backend-1 Waiting
 Container forgepilot-phase1-cap-20260820t092008z-53877bba63ce-backend-1 Healthy
 Container forgepilot-phase1-cap-20260820t092008z-53877bba63ce-frontend-1 Starting
 Container forgepilot-phase1-cap-20260820t092008z-53877bba63ce-frontend-1 Started
 Container forgepilot-phase1-cap-20260820t092008z-53877bba63ce-postgres-1 Waiting
 Container forgepilot-phase1-cap-20260820t092008z-53877bba63ce-backend-1 Waiting
 Container forgepilot-phase1-cap-20260820t092008z-53877bba63ce-frontend-1 Waiting
 Container forgepilot-phase1-cap-20260820t092008z-53877bba63ce-backend-1 Healthy
 Container forgepilot-phase1-cap-20260820t092008z-53877bba63ce-postgres-1 Healthy
 Container forgepilot-phase1-cap-20260820t092008z-53877bba63ce-frontend-1 Healthy
