 Image forgepilot-phase1-cap-20260820t072414z-53877bba63ce-backend Building
 Image forgepilot-phase1-cap-20260820t072414z-53877bba63ce-frontend Building
#1 [internal] load local bake definitions
#1 reading from stdin 1.10kB done
#1 DONE 0.0s

#2 [backend internal] load build definition from Dockerfile
#2 transferring dockerfile: 855B 0.0s done
#2 DONE 0.0s

#3 [frontend internal] load build definition from Dockerfile
#3 transferring dockerfile: 452B done
#3 DONE 0.0s

#4 [backend internal] load metadata for docker.io/library/eclipse-temurin:21-jdk
#4 DONE 0.1s

#5 [frontend internal] load metadata for docker.io/library/node:24-bookworm-slim
#5 ...

#6 [frontend internal] load metadata for docker.io/library/nginx:1.29-alpine
#6 DONE 0.7s

#7 [backend internal] load metadata for docker.io/library/eclipse-temurin:21-jre
#7 DONE 0.7s

#8 [backend internal] load .dockerignore
#8 transferring context: 2B 0.0s done
#8 DONE 0.1s

#5 [frontend internal] load metadata for docker.io/library/node:24-bookworm-slim
#5 DONE 0.9s

#9 [backend internal] load build context
#9 DONE 0.0s

#10 [frontend internal] load .dockerignore
#10 transferring context: 2B done
#10 DONE 0.1s

#11 [backend stage-1 1/6] FROM docker.io/library/eclipse-temurin:21-jre@sha256:c8e00005c840f4e15a98dee36caf8b7be1e385350d63f4eb4a91e465bffa98a1
#11 resolve docker.io/library/eclipse-temurin:21-jre@sha256:c8e00005c840f4e15a98dee36caf8b7be1e385350d63f4eb4a91e465bffa98a1
#11 resolve docker.io/library/eclipse-temurin:21-jre@sha256:c8e00005c840f4e15a98dee36caf8b7be1e385350d63f4eb4a91e465bffa98a1 0.2s done
#11 DONE 0.2s

#12 [frontend internal] load build context
#12 DONE 0.0s

#13 [frontend stage-1 1/3] FROM docker.io/library/nginx:1.29-alpine@sha256:5616878291a2eed594aee8db4dade5878cf7edcb475e59193904b198d9b830de
#13 resolve docker.io/library/nginx:1.29-alpine@sha256:5616878291a2eed594aee8db4dade5878cf7edcb475e59193904b198d9b830de
#13 ...

#14 [backend build 1/4] FROM docker.io/library/eclipse-temurin:21-jdk@sha256:98155457fcdbeb0987472e8abf721657b698ede407aad52ac24ae42618c0931c
#14 resolve docker.io/library/eclipse-temurin:21-jdk@sha256:98155457fcdbeb0987472e8abf721657b698ede407aad52ac24ae42618c0931c 0.3s done
#14 DONE 0.3s

#13 [frontend stage-1 1/3] FROM docker.io/library/nginx:1.29-alpine@sha256:5616878291a2eed594aee8db4dade5878cf7edcb475e59193904b198d9b830de
#13 resolve docker.io/library/nginx:1.29-alpine@sha256:5616878291a2eed594aee8db4dade5878cf7edcb475e59193904b198d9b830de 0.3s done
#13 DONE 0.3s

#9 [backend internal] load build context
#9 transferring context: 7.55kB 0.1s done
#9 DONE 0.2s

#15 [frontend build 1/6] FROM docker.io/library/node:24-bookworm-slim@sha256:3638d9a6fe4030bd716be989438248074489337ba3275657f93595428be4fc03
#15 resolve docker.io/library/node:24-bookworm-slim@sha256:3638d9a6fe4030bd716be989438248074489337ba3275657f93595428be4fc03 0.3s done
#15 DONE 0.3s

#12 [frontend internal] load build context
#12 ...

#16 [backend stage-1 2/6] RUN apt-get update     && apt-get install --no-install-recommends --yes curl     && rm -rf /var/lib/apt/lists/*
#16 CACHED

#17 [backend stage-1 3/6] WORKDIR /app
#17 CACHED

#18 [backend stage-1 4/6] RUN useradd --system --uid 10001 forgepilot
#18 CACHED

#19 [backend build 2/4] WORKDIR /workspace
#19 CACHED

#20 [backend build 3/4] COPY . .
#20 CACHED

#21 [backend build 4/4] RUN chmod +x mvnw && ./mvnw -B -ntp -DskipTests package
#21 CACHED

#22 [backend stage-1 5/6] COPY --from=build /workspace/target/forgepilot-backend.jar /app/forgepilot-backend.jar
#22 CACHED

#23 [backend stage-1 6/6] RUN chown -R forgepilot:forgepilot /app
#23 CACHED

#12 [frontend internal] load build context
#12 transferring context: 386.31kB 0.7s done
#12 DONE 0.7s

#24 [backend] exporting to image
#24 exporting layers 0.0s done
#24 exporting manifest sha256:7d243dedd132c4729ed3010fb5dce87fb0a689e00dac1bc0c68687157cca391f 0.2s done
#24 exporting config sha256:0f83895014b2451eb3eef00283cf1a43d9bec3b3cbe2096c6545fbd9e4380b0b 0.1s done
#24 ...

#25 [frontend build 5/6] COPY . .
#25 CACHED

#26 [frontend stage-1 2/3] COPY nginx.conf /etc/nginx/conf.d/default.conf
#26 CACHED

#27 [frontend build 2/6] WORKDIR /workspace
#27 CACHED

#28 [frontend build 4/6] RUN npm ci
#28 CACHED

#29 [frontend build 6/6] RUN npm run build
#29 CACHED

#30 [frontend build 3/6] COPY package.json package-lock.json ./
#30 CACHED

#31 [frontend stage-1 3/3] COPY --from=build /workspace/dist /usr/share/nginx/html
#31 CACHED

#24 [backend] exporting to image
#24 exporting attestation manifest sha256:5cb9d9c970a0ca936419d016d323ffcce16360969d9d7f9428f3eeab4ca8408d 0.1s done
#24 exporting manifest list sha256:0b322320058dbc1bc58ae1e077707184457dfec81b8f91c60ab43b14b76f31fa 0.0s done
#24 naming to docker.io/library/forgepilot-phase1-cap-20260820t072414z-53877bba63ce-backend:latest done
#24 unpacking to docker.io/library/forgepilot-phase1-cap-20260820t072414z-53877bba63ce-backend:latest 0.0s done
#24 DONE 0.6s

#32 [frontend] exporting to image
#32 exporting layers 0.0s done
#32 exporting manifest sha256:247ceb3b497bcc4ba194fc913d9805a54fb0e36bf15d98f4a298043c95108338 0.0s done
#32 exporting config sha256:dd8537dddcd6913ad1427e3bb46f46cfd957396fd1173c1237500b67c2a7b9cb 0.0s done
#32 exporting attestation manifest sha256:398ac4f9077c3fc1cb2ff53e915f1d5ac351f2764ce7102d6097c1305834609d 0.1s done
#32 exporting manifest list sha256:244f36922a429d505182163e9ab4f685ebf6102dc01d59293fc47620bb08d847 0.0s done
#32 naming to docker.io/library/forgepilot-phase1-cap-20260820t072414z-53877bba63ce-frontend:latest done
#32 unpacking to docker.io/library/forgepilot-phase1-cap-20260820t072414z-53877bba63ce-frontend:latest 0.0s done
#32 DONE 0.4s

#33 [frontend] resolving provenance for metadata file
#33 DONE 0.0s

#34 [backend] resolving provenance for metadata file
#34 DONE 0.0s
 Image forgepilot-phase1-cap-20260820t072414z-53877bba63ce-backend Built
 Image forgepilot-phase1-cap-20260820t072414z-53877bba63ce-frontend Built
