 Image nginx:1.29-alpine Pulling 
 Image nginx:1.29-alpine Pulled 
 Network forgepilot-batch3-cap-20260822t120847z-037799412c61_default Creating 
 Network forgepilot-batch3-cap-20260822t120847z-037799412c61_default Created 
 Volume forgepilot-batch3-cap-20260822t120847z-037799412c61_postgres-data Creating 
 Volume forgepilot-batch3-cap-20260822t120847z-037799412c61_postgres-data Created 
 Container forgepilot-batch3-cap-20260822t120847z-037799412c61-ai-stub-1 Creating 
 Container forgepilot-batch3-cap-20260822t120847z-037799412c61-postgres-1 Creating 
 Container forgepilot-batch3-cap-20260822t120847z-037799412c61-postgres-1 Created 
 Container forgepilot-batch3-cap-20260822t120847z-037799412c61-ai-stub-1 Created 
 Container forgepilot-batch3-cap-20260822t120847z-037799412c61-backend-1 Creating 
 Container forgepilot-batch3-cap-20260822t120847z-037799412c61-backend-1 Created 
 Container forgepilot-batch3-cap-20260822t120847z-037799412c61-frontend-1 Creating 
 Container forgepilot-batch3-cap-20260822t120847z-037799412c61-frontend-1 Created 
 Container forgepilot-batch3-cap-20260822t120847z-037799412c61-postgres-1 Starting 
 Container forgepilot-batch3-cap-20260822t120847z-037799412c61-ai-stub-1 Starting 
 Container forgepilot-batch3-cap-20260822t120847z-037799412c61-ai-stub-1 Started 
 Container forgepilot-batch3-cap-20260822t120847z-037799412c61-postgres-1 Started 
 Container forgepilot-batch3-cap-20260822t120847z-037799412c61-postgres-1 Waiting 
 Container forgepilot-batch3-cap-20260822t120847z-037799412c61-ai-stub-1 Waiting 
 Container forgepilot-batch3-cap-20260822t120847z-037799412c61-ai-stub-1 Healthy 
 Container forgepilot-batch3-cap-20260822t120847z-037799412c61-postgres-1 Healthy 
 Container forgepilot-batch3-cap-20260822t120847z-037799412c61-backend-1 Starting 
 Container forgepilot-batch3-cap-20260822t120847z-037799412c61-backend-1 Started 
 Container forgepilot-batch3-cap-20260822t120847z-037799412c61-backend-1 Waiting 
 Container forgepilot-batch3-cap-20260822t120847z-037799412c61-backend-1 Healthy 
 Container forgepilot-batch3-cap-20260822t120847z-037799412c61-frontend-1 Starting 
 Container forgepilot-batch3-cap-20260822t120847z-037799412c61-frontend-1 Started 
 Container forgepilot-batch3-cap-20260822t120847z-037799412c61-frontend-1 Waiting 
 Container forgepilot-batch3-cap-20260822t120847z-037799412c61-ai-stub-1 Waiting 
 Container forgepilot-batch3-cap-20260822t120847z-037799412c61-postgres-1 Waiting 
 Container forgepilot-batch3-cap-20260822t120847z-037799412c61-backend-1 Waiting 
 Container forgepilot-batch3-cap-20260822t120847z-037799412c61-ai-stub-1 Healthy 
 Container forgepilot-batch3-cap-20260822t120847z-037799412c61-backend-1 Healthy 
 Container forgepilot-batch3-cap-20260822t120847z-037799412c61-postgres-1 Healthy 
 Container forgepilot-batch3-cap-20260822t120847z-037799412c61-frontend-1 Healthy 
