 Image forgepilot-phase1-cap-20260820t074544z-53877bba63ce-backend Building
 Image forgepilot-phase1-cap-20260820t074544z-53877bba63ce-frontend Building
#1 [internal] load local bake definitions
#1 reading from stdin 1.10kB done
#1 DONE 0.0s

#2 [backend internal] load build definition from Dockerfile
#2 transferring dockerfile:
#2 transferring dockerfile: 855B 0.0s done
#2 DONE 0.0s

#3 [frontend internal] load build definition from Dockerfile
#3 transferring dockerfile: 452B done
#3 DONE 0.0s

#4 [frontend internal] load metadata for docker.io/library/node:24-bookworm-slim
#4 ...

#5 [backend internal] load metadata for docker.io/library/eclipse-temurin:21-jdk
#5 DONE 0.2s

#6 [frontend internal] load metadata for docker.io/library/nginx:1.29-alpine
#6 DONE 0.7s

#7 [backend internal] load metadata for docker.io/library/eclipse-temurin:21-jre
#7 DONE 0.8s

#4 [frontend internal] load metadata for docker.io/library/node:24-bookworm-slim
#4 DONE 0.8s

#8 [backend internal] load .dockerignore
#8 transferring context: 2B done
#8 DONE 0.0s

#9 [frontend internal] load .dockerignore
#9 transferring context: 2B done
#9 DONE 0.0s

#10 [backend internal] load build context
#10 DONE 0.0s

#11 [frontend internal] load build context
#11 DONE 0.0s

#12 [frontend build 1/6] FROM docker.io/library/node:24-bookworm-slim@sha256:3638d9a6fe4030bd716be989438248074489337ba3275657f93595428be4fc03
#12 resolve docker.io/library/node:24-bookworm-slim@sha256:3638d9a6fe4030bd716be989438248074489337ba3275657f93595428be4fc03
#12 ...

#13 [frontend stage-1 1/3] FROM docker.io/library/nginx:1.29-alpine@sha256:5616878291a2eed594aee8db4dade5878cf7edcb475e59193904b198d9b830de
#13 resolve docker.io/library/nginx:1.29-alpine@sha256:5616878291a2eed594aee8db4dade5878cf7edcb475e59193904b198d9b830de 0.2s done
#13 DONE 0.3s

#14 [backend stage-1 1/6] FROM docker.io/library/eclipse-temurin:21-jre@sha256:c8e00005c840f4e15a98dee36caf8b7be1e385350d63f4eb4a91e465bffa98a1
#14 resolve docker.io/library/eclipse-temurin:21-jre@sha256:c8e00005c840f4e15a98dee36caf8b7be1e385350d63f4eb4a91e465bffa98a1 0.3s done
#14 DONE 0.3s

#15 [backend build 1/4] FROM docker.io/library/eclipse-temurin:21-jdk@sha256:98155457fcdbeb0987472e8abf721657b698ede407aad52ac24ae42618c0931c
#15 resolve docker.io/library/eclipse-temurin:21-jdk@sha256:98155457fcdbeb0987472e8abf721657b698ede407aad52ac24ae42618c0931c 0.3s done
#15 DONE 0.4s

#12 [frontend build 1/6] FROM docker.io/library/node:24-bookworm-slim@sha256:3638d9a6fe4030bd716be989438248074489337ba3275657f93595428be4fc03
#12 resolve docker.io/library/node:24-bookworm-slim@sha256:3638d9a6fe4030bd716be989438248074489337ba3275657f93595428be4fc03 0.3s done
#12 DONE 0.3s

#10 [backend internal] load build context
#10 transferring context: 7.55kB 0.1s done
#10 DONE 0.2s

#11 [frontend internal] load build context
#11 ...

#16 [backend stage-1 2/6] RUN apt-get update     && apt-get install --no-install-recommends --yes curl     && rm -rf /var/lib/apt/lists/*
#16 CACHED

#17 [backend build 2/4] WORKDIR /workspace
#17 CACHED

#18 [backend build 4/4] RUN chmod +x mvnw && ./mvnw -B -ntp -DskipTests package
#18 CACHED

#19 [backend stage-1 5/6] COPY --from=build /workspace/target/forgepilot-backend.jar /app/forgepilot-backend.jar
#19 CACHED

#20 [backend stage-1 3/6] WORKDIR /app
#20 CACHED

#21 [backend stage-1 4/6] RUN useradd --system --uid 10001 forgepilot
#21 CACHED

#22 [backend build 3/4] COPY . .
#22 CACHED

#23 [backend stage-1 6/6] RUN chown -R forgepilot:forgepilot /app
#23 CACHED

#24 [backend] exporting to image
#24 exporting layers 0.1s done
#24 exporting manifest sha256:11bad8981dc48720e0209128bec57c2d3c224336b3901cb6aa7a60bd8b342be9
#24 exporting manifest sha256:11bad8981dc48720e0209128bec57c2d3c224336b3901cb6aa7a60bd8b342be9 0.2s done
#24 exporting config sha256:58cd7b15a77552daeb40510322f1cc75de9bcca6be53b56e7600eebb332bcbf2
#24 ...

#11 [frontend internal] load build context
#11 transferring context: 386.31kB 0.9s done
#11 DONE 0.9s

#25 [frontend build 6/6] RUN npm run build
#25 CACHED

#26 [frontend stage-1 2/3] COPY nginx.conf /etc/nginx/conf.d/default.conf
#26 CACHED

#27 [frontend build 4/6] RUN npm ci
#27 CACHED

#28 [frontend build 2/6] WORKDIR /workspace
#28 CACHED

#29 [frontend build 3/6] COPY package.json package-lock.json ./
#29 CACHED

#30 [frontend build 5/6] COPY . .
#30 CACHED

#31 [frontend stage-1 3/3] COPY --from=build /workspace/dist /usr/share/nginx/html
#31 CACHED

#24 [backend] exporting to image
#24 exporting config sha256:58cd7b15a77552daeb40510322f1cc75de9bcca6be53b56e7600eebb332bcbf2 0.1s done
#24 exporting attestation manifest sha256:74a6e7a76b8211503254f27ea07f1f3186f4f4b15f5eab61e3da9b38032c696e
#24 exporting attestation manifest sha256:74a6e7a76b8211503254f27ea07f1f3186f4f4b15f5eab61e3da9b38032c696e 0.1s done
#24 exporting manifest list sha256:a47b38a107368b2f360d140aa0d8a0317090dd4ee538940dc740a55131ad4514 0.1s done
#24 naming to docker.io/library/forgepilot-phase1-cap-20260820t074544z-53877bba63ce-backend:latest done
#24 unpacking to docker.io/library/forgepilot-phase1-cap-20260820t074544z-53877bba63ce-backend:latest
#24 unpacking to docker.io/library/forgepilot-phase1-cap-20260820t074544z-53877bba63ce-backend:latest 0.0s done
#24 DONE 0.7s

#32 [frontend] exporting to image
#32 exporting layers 0.0s done
#32 exporting manifest sha256:5e2d07b18c8ed08cad0e34f8c2376e71facc037f09f54c353ef36462ad0ae2f1 0.1s done
#32 exporting config sha256:97e14535719c19a59ac83c938c00a963e7cf10fa0d6f4abc2cc2ff4196745104 0.0s done
#32 exporting attestation manifest sha256:42ab3b13f7b7081178e70c3f39cd59a0a767a2160aad25e8f539de98c6c6c768
#32 exporting attestation manifest sha256:42ab3b13f7b7081178e70c3f39cd59a0a767a2160aad25e8f539de98c6c6c768 0.2s done
#32 exporting manifest list sha256:484fa5bd3098cb0328d170b0261601ce36e6a6ac8357fe3cbc7a804bba9f03fc
#32 exporting manifest list sha256:484fa5bd3098cb0328d170b0261601ce36e6a6ac8357fe3cbc7a804bba9f03fc 0.0s done
#32 naming to docker.io/library/forgepilot-phase1-cap-20260820t074544z-53877bba63ce-frontend:latest 0.0s done
#32 unpacking to docker.io/library/forgepilot-phase1-cap-20260820t074544z-53877bba63ce-frontend:latest 0.0s done
#32 DONE 0.8s

#33 [backend] resolving provenance for metadata file
#33 DONE 0.0s

#34 [frontend] resolving provenance for metadata file
#34 DONE 0.0s
 Image forgepilot-phase1-cap-20260820t074544z-53877bba63ce-frontend Built
 Image forgepilot-phase1-cap-20260820t074544z-53877bba63ce-backend Built
