 Image forgepilot-phase1-cap-20260820t073017z-53877bba63ce-backend Building
 Image forgepilot-phase1-cap-20260820t073017z-53877bba63ce-frontend Building
#1 [internal] load local bake definitions
#1 reading from stdin 1.10kB done
#1 DONE 0.0s

#2 [frontend internal] load build definition from Dockerfile
#2 transferring dockerfile: 452B done
#2 DONE 0.0s

#3 [backend internal] load build definition from Dockerfile
#3 transferring dockerfile: 855B done
#3 DONE 0.1s

#4 [backend internal] load metadata for docker.io/library/eclipse-temurin:21-jdk
#4 DONE 0.1s

#5 [frontend internal] load metadata for docker.io/library/node:24-bookworm-slim
#5 ...

#6 [backend internal] load metadata for docker.io/library/eclipse-temurin:21-jre
#6 DONE 0.6s

#7 [frontend internal] load metadata for docker.io/library/nginx:1.29-alpine
#7 DONE 0.6s

#5 [frontend internal] load metadata for docker.io/library/node:24-bookworm-slim
#5 DONE 0.7s

#8 [backend internal] load .dockerignore
#8 transferring context: 2B done
#8 DONE 0.0s

#9 [backend internal] load build context
#9 DONE 0.0s

#10 [frontend internal] load .dockerignore
#10 transferring context: 2B done
#10 DONE 0.1s

#11 [backend stage-1 1/6] FROM docker.io/library/eclipse-temurin:21-jre@sha256:c8e00005c840f4e15a98dee36caf8b7be1e385350d63f4eb4a91e465bffa98a1
#11 resolve docker.io/library/eclipse-temurin:21-jre@sha256:c8e00005c840f4e15a98dee36caf8b7be1e385350d63f4eb4a91e465bffa98a1
#11 ...

#12 [frontend internal] load build context
#12 DONE 0.0s

#11 [backend stage-1 1/6] FROM docker.io/library/eclipse-temurin:21-jre@sha256:c8e00005c840f4e15a98dee36caf8b7be1e385350d63f4eb4a91e465bffa98a1
#11 resolve docker.io/library/eclipse-temurin:21-jre@sha256:c8e00005c840f4e15a98dee36caf8b7be1e385350d63f4eb4a91e465bffa98a1 0.2s done
#11 DONE 0.2s

#13 [frontend stage-1 1/3] FROM docker.io/library/nginx:1.29-alpine@sha256:5616878291a2eed594aee8db4dade5878cf7edcb475e59193904b198d9b830de
#13 resolve docker.io/library/nginx:1.29-alpine@sha256:5616878291a2eed594aee8db4dade5878cf7edcb475e59193904b198d9b830de
#13 resolve docker.io/library/nginx:1.29-alpine@sha256:5616878291a2eed594aee8db4dade5878cf7edcb475e59193904b198d9b830de 0.3s done
#13 DONE 0.3s

#14 [backend build 1/4] FROM docker.io/library/eclipse-temurin:21-jdk@sha256:98155457fcdbeb0987472e8abf721657b698ede407aad52ac24ae42618c0931c
#14 resolve docker.io/library/eclipse-temurin:21-jdk@sha256:98155457fcdbeb0987472e8abf721657b698ede407aad52ac24ae42618c0931c 0.3s done
#14 DONE 0.3s

#15 [frontend build 1/6] FROM docker.io/library/node:24-bookworm-slim@sha256:3638d9a6fe4030bd716be989438248074489337ba3275657f93595428be4fc03
#15 resolve docker.io/library/node:24-bookworm-slim@sha256:3638d9a6fe4030bd716be989438248074489337ba3275657f93595428be4fc03 0.3s done
#15 DONE 0.3s

#9 [backend internal] load build context
#9 transferring context: 7.55kB 0.1s done
#9 DONE 0.2s

#12 [frontend internal] load build context
#12 ...

#16 [backend build 4/4] RUN chmod +x mvnw && ./mvnw -B -ntp -DskipTests package
#16 CACHED

#17 [backend stage-1 2/6] RUN apt-get update     && apt-get install --no-install-recommends --yes curl     && rm -rf /var/lib/apt/lists/*
#17 CACHED

#18 [backend stage-1 4/6] RUN useradd --system --uid 10001 forgepilot
#18 CACHED

#19 [backend build 2/4] WORKDIR /workspace
#19 CACHED

#20 [backend stage-1 5/6] COPY --from=build /workspace/target/forgepilot-backend.jar /app/forgepilot-backend.jar
#20 CACHED

#21 [backend stage-1 3/6] WORKDIR /app
#21 CACHED

#22 [backend build 3/4] COPY . .
#22 CACHED

#23 [backend stage-1 6/6] RUN chown -R forgepilot:forgepilot /app
#23 CACHED

#12 [frontend internal] load build context
#12 transferring context: 386.31kB 0.7s done
#12 DONE 0.8s

#24 [frontend stage-1 2/3] COPY nginx.conf /etc/nginx/conf.d/default.conf
#24 CACHED

#25 [frontend build 2/6] WORKDIR /workspace
#25 CACHED

#26 [frontend build 3/6] COPY package.json package-lock.json ./
#26 CACHED

#27 [frontend build 4/6] RUN npm ci
#27 CACHED

#28 [frontend build 5/6] COPY . .
#28 CACHED

#29 [frontend build 6/6] RUN npm run build
#29 CACHED

#30 [frontend stage-1 3/3] COPY --from=build /workspace/dist /usr/share/nginx/html
#30 CACHED

#31 [backend] exporting to image
#31 exporting layers done
#31 exporting manifest sha256:8090c1218f836ea64fd5dcc6ce460e088c4394c34a421541dc507e36c1ab2aee 0.2s done
#31 exporting config sha256:2e19386e1d8f6c06fd49c498627eca5cd789b9fd0ce02a4e362c2fed4cf9cc8a
#31 exporting config sha256:2e19386e1d8f6c06fd49c498627eca5cd789b9fd0ce02a4e362c2fed4cf9cc8a 0.1s done
#31 exporting attestation manifest sha256:8ba318661b052f769fa05e223b8e0e7daf8881d4f3aa8dbbb713d1cf94ceb173
#31 exporting attestation manifest sha256:8ba318661b052f769fa05e223b8e0e7daf8881d4f3aa8dbbb713d1cf94ceb173 0.2s done
#31 exporting manifest list sha256:bbb96044cb548dc512cf044bf1aa710fad75dc35e0cfc1a8ae9a6c081307fa27 0.0s done
#31 naming to docker.io/library/forgepilot-phase1-cap-20260820t073017z-53877bba63ce-backend:latest
#31 naming to docker.io/library/forgepilot-phase1-cap-20260820t073017z-53877bba63ce-backend:latest 0.1s done
#31 unpacking to docker.io/library/forgepilot-phase1-cap-20260820t073017z-53877bba63ce-backend:latest
#31 unpacking to docker.io/library/forgepilot-phase1-cap-20260820t073017z-53877bba63ce-backend:latest 0.2s done
#31 DONE 1.1s

#32 [frontend] exporting to image
#32 exporting layers 0.0s done
#32 exporting manifest sha256:c749e856f6e7c08999c48b3aea5e61da33b072fbb0985e5c6e0876753523eae4 0.2s done
#32 exporting config sha256:573eb5278fb342e694099905d8a97bf9ac9440773798aeae34bd465166002f4f 0.1s done
#32 exporting attestation manifest sha256:3fb4b4e7baf6d9e56e88b8e895892bcc4b8027cfc86ea3535d45048702d36563 0.2s done
#32 exporting manifest list sha256:77d53df87803bc0ac333925b5cca0fbf2f098f5ce116edc4e1a77b1a4c540784 0.2s done
#32 naming to docker.io/library/forgepilot-phase1-cap-20260820t073017z-53877bba63ce-frontend:latest done
#32 unpacking to docker.io/library/forgepilot-phase1-cap-20260820t073017z-53877bba63ce-frontend:latest 0.0s done
#32 DONE 0.9s

#33 [frontend] resolving provenance for metadata file
#33 DONE 0.0s

#34 [backend] resolving provenance for metadata file
#34 DONE 0.0s
 Image forgepilot-phase1-cap-20260820t073017z-53877bba63ce-backend Built
 Image forgepilot-phase1-cap-20260820t073017z-53877bba63ce-frontend Built
