 Image forgepilot-phase1-cap-20260821t030713z-53877bba63ce-backend Building
 Image forgepilot-phase1-cap-20260821t030713z-53877bba63ce-frontend Building
#1 [internal] load local bake definitions
#1 reading from stdin 1.10kB done
#1 DONE 0.0s

#2 [frontend internal] load build definition from Dockerfile
#2 transferring dockerfile: 452B done
#2 DONE 0.0s

#3 [backend internal] load build definition from Dockerfile
#3 transferring dockerfile: 882B 0.0s done
#3 DONE 0.0s

#4 [backend internal] load metadata for docker.io/library/eclipse-temurin:21-jdk
#4 DONE 0.1s

#5 [backend internal] load metadata for docker.io/library/eclipse-temurin:21-jre
#5 DONE 0.3s

#6 [frontend internal] load metadata for docker.io/library/node:24-bookworm-slim
#6 DONE 0.3s

#7 [frontend internal] load metadata for docker.io/library/nginx:1.29-alpine
#7 DONE 0.4s

#8 [backend internal] load .dockerignore
#8 transferring context: 2B done
#8 DONE 0.0s

#9 [frontend internal] load .dockerignore
#9 transferring context: 69B 0.0s done
#9 DONE 0.0s

#10 [backend internal] load build context
#10 DONE 0.0s

#11 [frontend internal] load build context
#11 DONE 0.0s

#12 [backend build 1/4] FROM docker.io/library/eclipse-temurin:21-jdk@sha256:98155457fcdbeb0987472e8abf721657b698ede407aad52ac24ae42618c0931c
#12 resolve docker.io/library/eclipse-temurin:21-jdk@sha256:98155457fcdbeb0987472e8abf721657b698ede407aad52ac24ae42618c0931c 0.1s done
#12 DONE 0.1s

#13 [backend stage-1 1/6] FROM docker.io/library/eclipse-temurin:21-jre@sha256:c8e00005c840f4e15a98dee36caf8b7be1e385350d63f4eb4a91e465bffa98a1
#13 resolve docker.io/library/eclipse-temurin:21-jre@sha256:c8e00005c840f4e15a98dee36caf8b7be1e385350d63f4eb4a91e465bffa98a1 0.1s done
#13 DONE 0.1s

#14 [frontend build 1/6] FROM docker.io/library/node:24-bookworm-slim@sha256:3638d9a6fe4030bd716be989438248074489337ba3275657f93595428be4fc03
#14 resolve docker.io/library/node:24-bookworm-slim@sha256:3638d9a6fe4030bd716be989438248074489337ba3275657f93595428be4fc03 0.0s done
#14 DONE 0.1s

#15 [frontend stage-1 1/3] FROM docker.io/library/nginx:1.29-alpine@sha256:5616878291a2eed594aee8db4dade5878cf7edcb475e59193904b198d9b830de
#15 resolve docker.io/library/nginx:1.29-alpine@sha256:5616878291a2eed594aee8db4dade5878cf7edcb475e59193904b198d9b830de 0.1s done
#15 DONE 0.1s

#11 [frontend internal] load build context
#11 transferring context: 1.09kB done
#11 DONE 0.0s

#10 [backend internal] load build context
#10 transferring context: 7.37kB 0.0s done
#10 DONE 0.0s

#16 [frontend build 5/6] COPY . .
#16 CACHED

#17 [frontend build 3/6] COPY package.json package-lock.json ./
#17 CACHED

#18 [frontend build 4/6] RUN npm ci
#18 CACHED

#19 [frontend stage-1 2/3] COPY nginx.conf /etc/nginx/conf.d/default.conf
#19 CACHED

#20 [frontend build 6/6] RUN npm run build
#20 CACHED

#21 [frontend build 2/6] WORKDIR /workspace
#21 CACHED

#22 [frontend stage-1 3/3] COPY --from=build /workspace/dist /usr/share/nginx/html
#22 CACHED

#23 [backend build 4/4] RUN chmod +x mvnw && ./mvnw -B -ntp -DskipTests package
#23 CACHED

#24 [backend stage-1 3/6] WORKDIR /app
#24 CACHED

#25 [backend stage-1 4/6] RUN useradd --system --uid 10001 forgepilot
#25 CACHED

#26 [backend build 2/4] WORKDIR /workspace
#26 CACHED

#27 [backend stage-1 5/6] COPY --from=build /workspace/target/forgepilot-backend.jar /app/forgepilot-backend.jar
#27 CACHED

#28 [backend stage-1 2/6] RUN apt-get update     && apt-get install --no-install-recommends --yes curl     && rm -rf /var/lib/apt/lists/*
#28 CACHED

#29 [backend build 3/4] COPY . .
#29 CACHED

#30 [backend stage-1 6/6] RUN chown -R forgepilot:forgepilot /app
#30 CACHED

#31 [backend] exporting to image
#31 exporting layers
#31 exporting layers 0.0s done
#31 exporting manifest sha256:92f2267a765a9a4a6a62e78f4d617140e2803a8e2f27409cc86347eca9364a3e 0.0s done
#31 exporting config sha256:dad80f5da14b3562f7bdd1f7a50df3829d4d74ef4cdbd6c76cf22a528a2e969e 0.0s done
#31 exporting attestation manifest sha256:74d91b11ac7d3bbf4d151269a9439f3c5e120dd3c2973e1a6194bcebc58784a8
#31 ...

#32 [frontend] exporting to image
#32 exporting layers done
#32 exporting manifest sha256:5748587d52a6e0860df04bb3d0bc7cc8f4cacc6a583983240a51e19f9517c7dc 0.0s done
#32 exporting config sha256:23deae3afa5e13b82cf9ef846e446a2a8fb48fdd06700f6c4d565d31670d4f1c 0.0s done
#32 exporting attestation manifest sha256:ea5f4882d8f8fbcaef0a0c687b64ae961db4d8952592264ffe60a0ca71c7616c 0.1s done
#32 exporting manifest list sha256:dccf43dcada1d6b5a7f88a3e09feed008a0bb830fbaf683ecd5fd0ec7e1b4a41 0.0s done
#32 naming to docker.io/library/forgepilot-phase1-cap-20260821t030713z-53877bba63ce-frontend:latest done
#32 unpacking to docker.io/library/forgepilot-phase1-cap-20260821t030713z-53877bba63ce-frontend:latest 0.0s done
#32 DONE 0.3s

#31 [backend] exporting to image
#31 exporting attestation manifest sha256:74d91b11ac7d3bbf4d151269a9439f3c5e120dd3c2973e1a6194bcebc58784a8 0.1s done
#31 exporting manifest list sha256:61684318eb086588dbd164a06943514a5b8e2f751c3000ae20055e4bcc5eb64f 0.0s done
#31 naming to docker.io/library/forgepilot-phase1-cap-20260821t030713z-53877bba63ce-backend:latest done
#31 unpacking to docker.io/library/forgepilot-phase1-cap-20260821t030713z-53877bba63ce-backend:latest 0.0s done
#31 DONE 0.3s

#33 [frontend] resolving provenance for metadata file
#33 DONE 0.0s

#34 [backend] resolving provenance for metadata file
#34 DONE 0.0s
 Image forgepilot-phase1-cap-20260821t030713z-53877bba63ce-frontend Built
 Image forgepilot-phase1-cap-20260821t030713z-53877bba63ce-backend Built
