 Image forgepilot-batch3-cap-20260822t121359z-037799412c61-backend Building 
 Image forgepilot-batch3-cap-20260822t121359z-037799412c61-frontend Building 
#1 [internal] load local bake definitions
#1 reading from stdin 1.10kB done
#1 DONE 0.0s

#2 [frontend internal] load build definition from Dockerfile
#2 transferring dockerfile: 452B 0.0s done
#2 DONE 0.1s

#3 [backend internal] load build definition from Dockerfile
#3 transferring dockerfile: 882B 0.0s done
#3 DONE 0.1s

#4 [backend internal] load metadata for docker.io/library/eclipse-temurin:21-jdk
#4 ...

#5 [frontend internal] load metadata for docker.io/library/nginx:1.29-alpine
#5 DONE 0.2s

#4 [backend internal] load metadata for docker.io/library/eclipse-temurin:21-jdk
#4 DONE 0.2s

#6 [backend internal] load metadata for docker.io/library/eclipse-temurin:21-jre
#6 DONE 0.6s

#7 [frontend internal] load metadata for docker.io/library/node:24-bookworm-slim
#7 DONE 0.7s

#8 [backend internal] load .dockerignore
#8 transferring context: 2B done
#8 DONE 0.0s

#9 [backend internal] load build context
#9 DONE 0.0s

#10 [frontend internal] load .dockerignore
#10 transferring context: 69B 0.0s done
#10 DONE 0.1s

#11 [frontend internal] load build context
#11 DONE 0.0s

#12 [backend build 1/4] FROM docker.io/library/eclipse-temurin:21-jdk@sha256:98155457fcdbeb0987472e8abf721657b698ede407aad52ac24ae42618c0931c
#12 resolve docker.io/library/eclipse-temurin:21-jdk@sha256:98155457fcdbeb0987472e8abf721657b698ede407aad52ac24ae42618c0931c 0.1s done
#12 DONE 0.1s

#13 [backend stage-1 1/6] FROM docker.io/library/eclipse-temurin:21-jre@sha256:7a65df4b22d2de92d4e04056e884f3b9122d70b21e2847fd66084278bd0ce037
#13 resolve docker.io/library/eclipse-temurin:21-jre@sha256:7a65df4b22d2de92d4e04056e884f3b9122d70b21e2847fd66084278bd0ce037 0.1s done
#13 DONE 0.1s

#14 [frontend stage-1 1/3] FROM docker.io/library/nginx:1.29-alpine@sha256:5616878291a2eed594aee8db4dade5878cf7edcb475e59193904b198d9b830de
#14 resolve docker.io/library/nginx:1.29-alpine@sha256:5616878291a2eed594aee8db4dade5878cf7edcb475e59193904b198d9b830de
#14 resolve docker.io/library/nginx:1.29-alpine@sha256:5616878291a2eed594aee8db4dade5878cf7edcb475e59193904b198d9b830de 0.2s done
#14 DONE 0.2s

#15 [frontend build 1/6] FROM docker.io/library/node:24-bookworm-slim@sha256:3638d9a6fe4030bd716be989438248074489337ba3275657f93595428be4fc03
#15 resolve docker.io/library/node:24-bookworm-slim@sha256:3638d9a6fe4030bd716be989438248074489337ba3275657f93595428be4fc03 0.1s done
#15 DONE 0.1s

#11 [frontend internal] load build context
#11 transferring context: 2.48kB 0.0s done
#11 DONE 0.0s

#9 [backend internal] load build context
#9 transferring context: 52.32kB 0.1s done
#9 DONE 0.1s

#16 [frontend build 6/6] RUN npm run build
#16 CACHED

#17 [frontend build 5/6] COPY . .
#17 CACHED

#18 [frontend build 3/6] COPY package.json package-lock.json ./
#18 CACHED

#19 [frontend stage-1 2/3] COPY nginx.conf /etc/nginx/conf.d/default.conf
#19 CACHED

#20 [frontend build 2/6] WORKDIR /workspace
#20 CACHED

#21 [frontend build 4/6] RUN npm ci
#21 CACHED

#22 [frontend stage-1 3/3] COPY --from=build /workspace/dist /usr/share/nginx/html
#22 CACHED

#23 [frontend] exporting to image
#23 exporting layers
#23 ...

#24 [backend stage-1 3/6] WORKDIR /app
#24 CACHED

#25 [backend stage-1 4/6] RUN useradd --system --uid 10001 forgepilot
#25 CACHED

#26 [backend build 2/4] WORKDIR /workspace
#26 CACHED

#27 [backend build 3/4] COPY . .
#27 CACHED

#28 [backend build 4/4] RUN chmod +x mvnw && ./mvnw -B -ntp -DskipTests package
#28 CACHED

#29 [backend stage-1 5/6] COPY --from=build /workspace/target/forgepilot-backend.jar /app/forgepilot-backend.jar
#29 CACHED

#30 [backend stage-1 2/6] RUN apt-get update     && apt-get install --no-install-recommends --yes curl     && rm -rf /var/lib/apt/lists/*
#30 CACHED

#31 [backend stage-1 6/6] RUN chown -R forgepilot:forgepilot /app
#31 CACHED

#23 [frontend] exporting to image
#23 exporting layers 0.0s done
#23 exporting manifest sha256:03886b3daabdb26061c9635e63adb64946b8bee8e7c405202c253bbca952ace7 0.0s done
#23 exporting config sha256:451691e5f94d47ad43c3955ad93fcc778e0880248feec92e340ace2fc669ccac 0.0s done
#23 exporting attestation manifest sha256:b06bb5d57f574e0631bc1fd45e7a72af452d384defa5840a576c4583bcbc9b65
#23 exporting attestation manifest sha256:b06bb5d57f574e0631bc1fd45e7a72af452d384defa5840a576c4583bcbc9b65 0.1s done
#23 exporting manifest list sha256:f35cb9c3aff2b8d993a23440e12a653f38542d774af91d4e70881f15683bd003 0.0s done
#23 naming to docker.io/library/forgepilot-batch3-cap-20260822t121359z-037799412c61-frontend:latest 0.0s done
#23 unpacking to docker.io/library/forgepilot-batch3-cap-20260822t121359z-037799412c61-frontend:latest
#23 unpacking to docker.io/library/forgepilot-batch3-cap-20260822t121359z-037799412c61-frontend:latest 0.0s done
#23 DONE 0.4s

#32 [backend] exporting to image
#32 exporting layers 0.0s done
#32 exporting manifest sha256:862e338d78342b83c3f113cd94a57ef93520f708eb3845e5de5c36fdc9f40700 0.1s done
#32 exporting config sha256:c48d5779d53387414beab3c29501679a1912e5d6ce315bd08d70f1c4143b2ff4 0.1s done
#32 exporting attestation manifest sha256:d6b6efe5851370ef7f7a654fafa605b0bfbb19c5c3f141ccdc362a3dbc916035 0.1s done
#32 exporting manifest list sha256:8554ca0d80881b51295ea4ec72b382ed589d7034096a9b392c1b20041e69f7c8 0.0s done
#32 naming to docker.io/library/forgepilot-batch3-cap-20260822t121359z-037799412c61-backend:latest 0.0s done
#32 unpacking to docker.io/library/forgepilot-batch3-cap-20260822t121359z-037799412c61-backend:latest 0.0s done
#32 DONE 0.5s

#33 [frontend] resolving provenance for metadata file
#33 DONE 0.0s

#34 [backend] resolving provenance for metadata file
#34 DONE 0.0s
 Image forgepilot-batch3-cap-20260822t121359z-037799412c61-backend Built 
 Image forgepilot-batch3-cap-20260822t121359z-037799412c61-frontend Built 
