2026-08-22T12:13:59Z docker compose build
2026-08-22T12:14:03Z docker compose up --detach --wait
2026-08-22T12:14:50Z seed two maximum-budget reviews
 Container forgepilot-batch3-cap-20260822t121359z-037799412c61-frontend-1 Stopping 
 Container forgepilot-batch3-cap-20260822t121359z-037799412c61-frontend-1 Stopped 
 Container forgepilot-batch3-cap-20260822t121359z-037799412c61-frontend-1 Removing 
 Container forgepilot-batch3-cap-20260822t121359z-037799412c61-frontend-1 Removed 
 Container forgepilot-batch3-cap-20260822t121359z-037799412c61-backend-1 Stopping 
 Container forgepilot-batch3-cap-20260822t121359z-037799412c61-backend-1 Stopped 
 Container forgepilot-batch3-cap-20260822t121359z-037799412c61-backend-1 Removing 
 Container forgepilot-batch3-cap-20260822t121359z-037799412c61-backend-1 Removed 
 Container forgepilot-batch3-cap-20260822t121359z-037799412c61-postgres-1 Stopping 
 Container forgepilot-batch3-cap-20260822t121359z-037799412c61-ai-stub-1 Stopping 
 Container forgepilot-batch3-cap-20260822t121359z-037799412c61-ai-stub-1 Stopped 
 Container forgepilot-batch3-cap-20260822t121359z-037799412c61-ai-stub-1 Removing 
 Container forgepilot-batch3-cap-20260822t121359z-037799412c61-ai-stub-1 Removed 
 Container forgepilot-batch3-cap-20260822t121359z-037799412c61-postgres-1 Stopped 
 Container forgepilot-batch3-cap-20260822t121359z-037799412c61-postgres-1 Removing 
 Container forgepilot-batch3-cap-20260822t121359z-037799412c61-postgres-1 Removed 
 Volume forgepilot-batch3-cap-20260822t121359z-037799412c61_postgres-data Removing 
 Network forgepilot-batch3-cap-20260822t121359z-037799412c61_default Removing 
 Volume forgepilot-batch3-cap-20260822t121359z-037799412c61_postgres-data Removed 
 Network forgepilot-batch3-cap-20260822t121359z-037799412c61_default Removed 
